  BadRaytraycing.cpp
C:\Users\vmano\Documents\Programming\I am bored Helppp\BadRaytraycing\BadRaytraycing\BadRaytraycing.cpp(63,97): warning C4244: 'argument': conversion from 'double' to 'float', possible loss of data
C:\Users\vmano\Documents\Programming\I am bored Helppp\BadRaytraycing\BadRaytraycing\BadRaytraycing.cpp(63,42): warning C4244: 'argument': conversion from 'double' to 'float', possible loss of data
C:\Users\vmano\Documents\Programming\I am bored Helppp\BadRaytraycing\BadRaytraycing\BadRaytraycing.cpp(74,67): warning C4244: 'argument': conversion from 'int' to 'T', possible loss of data
C:\Users\vmano\Documents\Programming\I am bored Helppp\BadRaytraycing\BadRaytraycing\BadRaytraycing.cpp(74,67): warning C4244:         with
C:\Users\vmano\Documents\Programming\I am bored Helppp\BadRaytraycing\BadRaytraycing\BadRaytraycing.cpp(74,67): warning C4244:         [
C:\Users\vmano\Documents\Programming\I am bored Helppp\BadRaytraycing\BadRaytraycing\BadRaytraycing.cpp(74,67): warning C4244:             T=float
C:\Users\vmano\Documents\Programming\I am bored Helppp\BadRaytraycing\BadRaytraycing\BadRaytraycing.cpp(74,67): warning C4244:         ]
C:\Users\vmano\Documents\Programming\I am bored Helppp\BadRaytraycing\BadRaytraycing\BadRaytraycing.cpp(74,44): warning C4244: 'argument': conversion from 'int' to 'T', possible loss of data
C:\Users\vmano\Documents\Programming\I am bored Helppp\BadRaytraycing\BadRaytraycing\BadRaytraycing.cpp(74,44): warning C4244:         with
C:\Users\vmano\Documents\Programming\I am bored Helppp\BadRaytraycing\BadRaytraycing\BadRaytraycing.cpp(74,44): warning C4244:         [
C:\Users\vmano\Documents\Programming\I am bored Helppp\BadRaytraycing\BadRaytraycing\BadRaytraycing.cpp(74,44): warning C4244:             T=float
C:\Users\vmano\Documents\Programming\I am bored Helppp\BadRaytraycing\BadRaytraycing\BadRaytraycing.cpp(74,44): warning C4244:         ]
C:\Users\vmano\Documents\Programming\I am bored Helppp\BadRaytraycing\BadRaytraycing\BadRaytraycing.cpp(74,127): warning C4244: 'argument': conversion from 'int' to 'T', possible loss of data
C:\Users\vmano\Documents\Programming\I am bored Helppp\BadRaytraycing\BadRaytraycing\BadRaytraycing.cpp(74,127): warning C4244:         with
C:\Users\vmano\Documents\Programming\I am bored Helppp\BadRaytraycing\BadRaytraycing\BadRaytraycing.cpp(74,127): warning C4244:         [
C:\Users\vmano\Documents\Programming\I am bored Helppp\BadRaytraycing\BadRaytraycing\BadRaytraycing.cpp(74,127): warning C4244:             T=float
C:\Users\vmano\Documents\Programming\I am bored Helppp\BadRaytraycing\BadRaytraycing\BadRaytraycing.cpp(74,127): warning C4244:         ]
C:\Users\vmano\Documents\Programming\I am bored Helppp\BadRaytraycing\BadRaytraycing\BadRaytraycing.cpp(74,104): warning C4244: 'argument': conversion from 'int' to 'T', possible loss of data
C:\Users\vmano\Documents\Programming\I am bored Helppp\BadRaytraycing\BadRaytraycing\BadRaytraycing.cpp(74,104): warning C4244:         with
C:\Users\vmano\Documents\Programming\I am bored Helppp\BadRaytraycing\BadRaytraycing\BadRaytraycing.cpp(74,104): warning C4244:         [
C:\Users\vmano\Documents\Programming\I am bored Helppp\BadRaytraycing\BadRaytraycing\BadRaytraycing.cpp(74,104): warning C4244:             T=float
C:\Users\vmano\Documents\Programming\I am bored Helppp\BadRaytraycing\BadRaytraycing\BadRaytraycing.cpp(74,104): warning C4244:         ]
C:\Users\vmano\Documents\Programming\I am bored Helppp\BadRaytraycing\BadRaytraycing\BadRaytraycing.cpp(78,15): warning C4244: 'initializing': conversion from 'double' to 'float', possible loss of data
  Generating code
  1 of 75 functions ( 1.3%) were compiled, the rest were copied from previous compilation.
    0 functions were new in current compilation
    0 functions had inline decision re-evaluated but remain unchanged
  Finished generating code
  BadRaytraycing.vcxproj -> C:\Users\vmano\Documents\Programming\I am bored Helppp\BadRaytraycing\x64\Release\BadRaytraycing.exe
